[36mvite v5.4.20 [32mbuilding for production...[36m[39m
transforming...
Browserslist: browsers data (caniuse-lite) is 15 months old. Please run:
  npx update-browserslist-db@latest
  Why you should do it regularly: https://github.com/browserslist/update-db#readme
[32m✓[39m 103 modules transformed.
[31mx[39m Build failed in 2.60s
[31merror during build:
[31m[vite:esbuild] Transform failed with 1 error:
C:/OneTalent/client/src/pages/sidak-recap.tsx:2364:0: ERROR: Unexpected "}"[31m
file: [36mC:/OneTalent/client/src/pages/sidak-recap.tsx:2364:0[31m
[33m
[33mUnexpected "}"[33m
2362|    </div >
2363|  );
2364|  }
   |  ^
2365|  
[31m
    at failureErrorWithLog (C:\OneTalent\node_modules\vite\node_modules\esbuild\lib\main.js:1472:15)
    at C:\OneTalent\node_modules\vite\node_modules\esbuild\lib\main.js:755:50
    at responseCallbacks.<computed> (C:\OneTalent\node_modules\vite\node_modules\esbuild\lib\main.js:622:9)
    at handleIncomingPacket (C:\OneTalent\node_modules\vite\node_modules\esbuild\lib\main.js:677:12)
    at Socket.readFromStdout (C:\OneTalent\node_modules\vite\node_modules\esbuild\lib\main.js:600:7)
    at Socket.emit (node:events:518:28)
    at addChunk (node:internal/streams/readable:561:12)
    at readableAddChunkPushByteMode (node:internal/streams/readable:512:3)
    at Readable.push (node:internal/streams/readable:392:5)
    at Pipe.onStreamRead (node:internal/stream_base_commons:191:23)[39m
