client/src/lib/qr-utils.ts(41,3): error TS2322: Type 'void' is not assignable to type 'string'.
client/src/lib/sidak-antrian-pdf-utils.ts(325,39): error TS2307: Cannot find module 'pdfjs-dist/legacy/build/pdf' or its corresponding type declarations.
client/src/lib/sidak-jarak-pdf-utils.ts(315,39): error TS2307: Cannot find module 'pdfjs-dist/legacy/build/pdf' or its corresponding type declarations.
client/src/lib/sidak-pdf-utils.ts(386,35): error TS2307: Cannot find module 'pdfjs-dist/legacy/build/pdf' or its corresponding type declarations.
client/src/lib/sidak-pdf-utils.ts(775,35): error TS2307: Cannot find module 'pdfjs-dist/legacy/build/pdf' or its corresponding type declarations.
client/src/lib/sidak-pencahayaan-pdf-utils.ts(309,39): error TS2307: Cannot find module 'pdfjs-dist/legacy/build/pdf' or its corresponding type declarations.
client/src/lib/sidak-rambu-pdf-utils.ts(387,39): error TS2307: Cannot find module 'pdfjs-dist/legacy/build/pdf' or its corresponding type declarations.
client/src/lib/sidak-seatbelt-pdf-utils.ts(453,39): error TS2307: Cannot find module 'pdfjs-dist/legacy/build/pdf' or its corresponding type declarations.
server/leaveMonitoringService.ts(102,13): error TS2322: Type 'string' is not assignable to type 'Date'.
server/routes.ts(40,3): error TS2300: Duplicate identifier 'insertSidakKecepatanSessionSchema'.
server/routes.ts(41,3): error TS2300: Duplicate identifier 'insertSidakKecepatanRecordSchema'.
server/routes.ts(42,3): error TS2300: Duplicate identifier 'insertSidakKecepatanObserverSchema'.
server/routes.ts(49,3): error TS2300: Duplicate identifier 'insertSidakKecepatanSessionSchema'.
server/routes.ts(50,3): error TS2300: Duplicate identifier 'insertSidakKecepatanRecordSchema'.
server/routes.ts(51,3): error TS2300: Duplicate identifier 'insertSidakKecepatanObserverSchema'.
server/routes.ts(967,24): error TS7006: Parameter 'att' implicitly has an 'any' type.
server/routes.ts(970,29): error TS7006: Parameter 'leave' implicitly has an 'any' type.
server/routes.ts(973,26): error TS7006: Parameter 'emp' implicitly has an 'any' type.
server/routes.ts(979,41): error TS7006: Parameter 'schedule' implicitly has an 'any' type.
server/routes.ts(988,45): error TS2339: Property 'time' does not exist on type '{}'.
server/routes.ts(989,45): error TS2339: Property 'jamTidur' does not exist on type '{}'.
server/routes.ts(990,46): error TS2339: Property 'fitToWork' does not exist on type '{}'.
server/routes.ts(992,34): error TS2339: Property 'monitoringDays' does not exist on type '{}'.
server/routes.ts(1676,17): error TS18048: 'activeToken' is possibly 'undefined'.
server/routes.ts(3350,34): error TS2802: Type 'Set<unknown>' can only be iterated through when using the '--downlevelIteration' flag or with a '--target' of 'es2015' or higher.
server/routes.ts(3352,16): error TS7006: Parameter 'emp' implicitly has an 'any' type.
server/routes.ts(3353,19): error TS7006: Parameter 'group' implicitly has an 'any' type.
server/routes.ts(4840,21): error TS2551: Property 'updateSidakKecepatanSessionStats' does not exist on type 'DrizzleStorage'. Did you mean 'updateSidakKecepatanSession'?
server/routes.ts(5554,20): error TS2339: Property 'waktu' does not exist on type '{ id: string; shift: string; createdAt: Date | null; tanggal: string; lokasi: string; totalSampel: number; createdBy: string | null; activityPhotos: string[] | null; jam: string; persenKepatuhan: number; }'.
server/routes.ts(5827,28): error TS2339: Property 'waktu' does not exist on type '{ id: string; shift: string; createdAt: Date | null; tanggal: string; lokasi: string; totalSampel: number; createdBy: string | null; activityPhotos: string[] | null; jam: string; persenKepatuhan: number; }'.
server/routes.ts(7813,100): error TS2345: Argument of type 'Date | null' is not assignable to parameter of type 'Date'.
  Type 'null' is not assignable to type 'Date'.
server/routes.ts(8794,65): error TS2345: Argument of type '{ sessionId: string; nama: any; jabatan: any; tandaTangan: any; }' is not assignable to parameter of type '{ sessionId: string; ordinal: number; nama: string; jabatan?: string | null | undefined; tandaTangan?: string | null | undefined; }'.
  Property 'ordinal' is missing in type '{ sessionId: string; nama: any; jabatan: any; tandaTangan: any; }' but required in type '{ sessionId: string; ordinal: number; nama: string; jabatan?: string | null | undefined; tandaTangan?: string | null | undefined; }'.
server/routes.ts(9267,87): error TS2339: Property 'tanggal' does not exist on type '{ id: string; shift: string; createdAt: Date | null; lokasi: string; departemen: string; totalSampel: number; createdBy: string | null; activityPhotos: string[] | null; perusahaan: string; tanggalPelaksanaan: string; jamPelaksanaan: string; }'.
server/storage.ts(174,8): error TS2724: '"@shared/schema"' has no exported member named 'InsertSidakWorkshopObserver'. Did you mean 'SidakWorkshopObserver'?
server/storage.ts(3095,25): error TS2552: Cannot find name 'PDFDocument'. Did you mean 'documents'?
server/storage.ts(3606,24): error TS2339: Property 'perusahaan' does not exist on type '{ id: string; createdAt: Date | null; sessionId: string; ordinal: number; nama: string; jabatan: string | null; tandaTangan: string | null; }'.
server/storage.ts(3714,25): error TS2552: Cannot find name 'PDFDocument'. Did you mean 'documents'?
server/storage.ts(4154,9): error TS2393: Duplicate function implementation.
server/storage.ts(4159,9): error TS2393: Duplicate function implementation.
server/storage.ts(4163,9): error TS2393: Duplicate function implementation.
server/storage.ts(4168,9): error TS2393: Duplicate function implementation.
server/storage.ts(4177,9): error TS2393: Duplicate function implementation.
server/storage.ts(4272,25): error TS2552: Cannot find name 'PDFDocument'. Did you mean 'documents'?
server/storage.ts(4290,26): error TS2304: Cannot find name 'path'.
server/storage.ts(4297,13): error TS2304: Cannot find name 'fs'.
server/storage.ts(4538,25): error TS2552: Cannot find name 'PDFDocument'. Did you mean 'documents'?
server/storage.ts(4555,26): error TS2304: Cannot find name 'path'.
server/storage.ts(4557,13): error TS2304: Cannot find name 'fs'.
server/storage.ts(4683,25): error TS2552: Cannot find name 'PDFDocument'. Did you mean 'documents'?
server/storage.ts(4701,26): error TS2304: Cannot find name 'path'.
server/storage.ts(4708,13): error TS2304: Cannot find name 'fs'.
server/storage.ts(5129,9): error TS2393: Duplicate function implementation.
server/storage.ts(5134,9): error TS2393: Duplicate function implementation.
server/storage.ts(5138,9): error TS2393: Duplicate function implementation.
server/storage.ts(5143,9): error TS2393: Duplicate function implementation.
server/storage.ts(5148,9): error TS2393: Duplicate function implementation.
server/storage.ts(5157,64): error TS2769: No overload matches this call.
  Overload 1 of 2, '(id: string, updates: Partial<{ shift: string; tanggal: string; lokasi: string; waktu: string; createdBy?: string | null | undefined; activityPhotos?: string[] | null | undefined; subLokasi?: string | null | undefined; batasKecepatanKph?: number | ... 1 more ... | undefined; }>): Promise<...>', gave the following error.
    Object literal may only specify known properties, and 'totalSampel' does not exist in type 'Partial<{ shift: string; tanggal: string; lokasi: string; waktu: string; createdBy?: string | null | undefined; activityPhotos?: string[] | null | undefined; subLokasi?: string | null | undefined; batasKecepatanKph?: number | ... 1 more ... | undefined; }>'.
  Overload 2 of 2, '(id: string, updates: Partial<{ shift: string; tanggal: string; lokasi: string; waktu: string; createdBy?: string | null | undefined; activityPhotos?: string[] | null | undefined; subLokasi?: string | null | undefined; batasKecepatanKph?: number | ... 1 more ... | undefined; }>): Promise<...>', gave the following error.
    Object literal may only specify known properties, and 'totalSampel' does not exist in type 'Partial<{ shift: string; tanggal: string; lokasi: string; waktu: string; createdBy?: string | null | undefined; activityPhotos?: string[] | null | undefined; subLokasi?: string | null | undefined; batasKecepatanKph?: number | ... 1 more ... | undefined; }>'.
server/storage.ts(5179,25): error TS2304: Cannot find name 'PDFDocument'.
server/storage.ts(5197,26): error TS2304: Cannot find name 'path'.
server/storage.ts(5204,13): error TS2304: Cannot find name 'fs'.
server/storage.ts(5313,20): error TS18047: 'rec.kecepatanKph' is possibly 'null'.
