Creating dummy test file...
Sending POST request to localhost:5004...
Response Status: 200
Response Body: <!DOCTYPE html>
<html lang="id">

<head>
  <script type="module">
import RefreshRuntime from "/@react-refresh"
RefreshRuntime.injectIntoGlobalHook(window)
window.$RefreshReg$ = () => {}
window.$Ref
