client/src/lib/qr-utils.ts(41,3): error TS2322: Type 'void' is not assignable to type 'string'.
client/src/lib/sidak-antrian-pdf-utils.ts(75,26): error TS2339: Property 'tanggalPelaksanaan' does not exist on type '{ id: string; createdAt: Date | null; shift: string; createdBy: string; tanggal: string; waktu: string; lokasi: string; departemen: string; totalSampel: number; activityPhotos: string[] | null; perusahaan: string; }'.
client/src/lib/sidak-antrian-pdf-utils.ts(81,26): error TS2339: Property 'jamPelaksanaan' does not exist on type '{ id: string; createdAt: Date | null; shift: string; createdBy: string; tanggal: string; waktu: string; lokasi: string; departemen: string; totalSampel: number; activityPhotos: string[] | null; perusahaan: string; }'.
client/src/lib/sidak-antrian-pdf-utils.ts(325,39): error TS2307: Cannot find module 'pdfjs-dist/legacy/build/pdf' or its corresponding type declarations.
client/src/lib/sidak-apd-pdf-utils.ts(54,34): error TS2339: Property 'tanggalPelaksanaan' does not exist on type '{ id: string; createdAt: Date | null; shift: string; createdBy: string | null; tanggal: string; waktu: string; lokasi: string; departemen: string; totalSampel: number; activityPhotos: string[] | null; perusahaan: string; }'.
client/src/lib/sidak-apd-pdf-utils.ts(55,30): error TS2339: Property 'jamPelaksanaan' does not exist on type '{ id: string; createdAt: Date | null; shift: string; createdBy: string | null; tanggal: string; waktu: string; lokasi: string; departemen: string; totalSampel: number; activityPhotos: string[] | null; perusahaan: string; }'.
client/src/lib/sidak-apd-pdf-utils.ts(80,16): error TS2339: Property 'namaNik' does not exist on type '{ id: string; createdAt: Date | null; ordinal: number; nik: string | null; sessionId: string; keterangan: string | null; nama: string; perusahaan: string | null; jabatan: string | null; ... 8 more ...; apdLengkap: boolean; }'.
client/src/lib/sidak-apd-pdf-utils.ts(82,16): error TS2339: Property 'rompiKeselamatan' does not exist on type '{ id: string; createdAt: Date | null; ordinal: number; nik: string | null; sessionId: string; keterangan: string | null; nama: string; perusahaan: string | null; jabatan: string | null; ... 8 more ...; apdLengkap: boolean; }'.
client/src/lib/sidak-apd-pdf-utils.ts(83,16): error TS2339: Property 'sepatuSafety' does not exist on type '{ id: string; createdAt: Date | null; ordinal: number; nik: string | null; sessionId: string; keterangan: string | null; nama: string; perusahaan: string | null; jabatan: string | null; ... 8 more ...; apdLengkap: boolean; }'.
client/src/lib/sidak-apd-pdf-utils.ts(85,16): error TS2339: Property 'kacamataSafety' does not exist on type '{ id: string; createdAt: Date | null; ordinal: number; nik: string | null; sessionId: string; keterangan: string | null; nama: string; perusahaan: string | null; jabatan: string | null; ... 8 more ...; apdLengkap: boolean; }'.
client/src/lib/sidak-apd-pdf-utils.ts(189,35): error TS2307: Cannot find module 'pdfjs-dist/legacy/build/pdf' or its corresponding type declarations.
client/src/lib/sidak-digital-pdf-utils.ts(76,16): error TS2339: Property 'namaNik' does not exist on type '{ id: string; createdAt: Date | null; ordinal: number; nik: string | null; sessionId: string; keterangan: string | null; namaPengawas: string; jabatan: string | null; appUsage: boolean; timelyReporting: boolean; feedbackQuality: string | null; }'.
client/src/lib/sidak-digital-pdf-utils.ts(77,16): error TS2339: Property 'noLambung' does not exist on type '{ id: string; createdAt: Date | null; ordinal: number; nik: string | null; sessionId: string; keterangan: string | null; namaPengawas: string; jabatan: string | null; appUsage: boolean; timelyReporting: boolean; feedbackQuality: string | null; }'.
client/src/lib/sidak-digital-pdf-utils.ts(78,16): error TS2339: Property 'tipeUnit' does not exist on type '{ id: string; createdAt: Date | null; ordinal: number; nik: string | null; sessionId: string; keterangan: string | null; namaPengawas: string; jabatan: string | null; appUsage: boolean; timelyReporting: boolean; feedbackQuality: string | null; }'.
client/src/lib/sidak-digital-pdf-utils.ts(79,16): error TS2339: Property 'displayAda' does not exist on type '{ id: string; createdAt: Date | null; ordinal: number; nik: string | null; sessionId: string; keterangan: string | null; namaPengawas: string; jabatan: string | null; appUsage: boolean; timelyReporting: boolean; feedbackQuality: string | null; }'.
client/src/lib/sidak-digital-pdf-utils.ts(80,16): error TS2339: Property 'displayBerfungsi' does not exist on type '{ id: string; createdAt: Date | null; ordinal: number; nik: string | null; sessionId: string; keterangan: string | null; namaPengawas: string; jabatan: string | null; appUsage: boolean; timelyReporting: boolean; feedbackQuality: string | null; }'.
client/src/lib/sidak-digital-pdf-utils.ts(154,35): error TS2307: Cannot find module 'pdfjs-dist/legacy/build/pdf' or its corresponding type declarations.
client/src/lib/sidak-jarak-pdf-utils.ts(315,39): error TS2307: Cannot find module 'pdfjs-dist/legacy/build/pdf' or its corresponding type declarations.
client/src/lib/sidak-kecepatan-pdf-utils.ts(77,16): error TS2339: Property 'namaNik' does not exist on type '{ id: string; createdAt: Date | null; ordinal: number; sessionId: string; keterangan: string | null; noKendaraan: string; tipeUnit: string; arahMuatan: boolean | null; arahKosongan: boolean | null; kecepatanMph: string | null; kecepatanKph: string | null; }'.
client/src/lib/sidak-kecepatan-pdf-utils.ts(78,16): error TS2339: Property 'noLambung' does not exist on type '{ id: string; createdAt: Date | null; ordinal: number; sessionId: string; keterangan: string | null; noKendaraan: string; tipeUnit: string; arahMuatan: boolean | null; arahKosongan: boolean | null; kecepatanMph: string | null; kecepatanKph: string | null; }'.
client/src/lib/sidak-kecepatan-pdf-utils.ts(80,16): error TS2339: Property 'kecepatanTerukur' does not exist on type '{ id: string; createdAt: Date | null; ordinal: number; sessionId: string; keterangan: string | null; noKendaraan: string; tipeUnit: string; arahMuatan: boolean | null; arahKosongan: boolean | null; kecepatanMph: string | null; kecepatanKph: string | null; }'.
client/src/lib/sidak-kecepatan-pdf-utils.ts(81,17): error TS2339: Property 'kecepatanTerukur' does not exist on type '{ id: string; createdAt: Date | null; ordinal: number; sessionId: string; keterangan: string | null; noKendaraan: string; tipeUnit: string; arahMuatan: boolean | null; arahKosongan: boolean | null; kecepatanMph: string | null; kecepatanKph: string | null; }'.
client/src/lib/sidak-kecepatan-pdf-utils.ts(155,35): error TS2307: Cannot find module 'pdfjs-dist/legacy/build/pdf' or its corresponding type declarations.
client/src/lib/sidak-loto-pdf-utils.ts(76,16): error TS2339: Property 'namaNik' does not exist on type '{ id: string; createdAt: Date | null; ordinal: number; sessionId: string; keterangan: string | null; perusahaan: string | null; namaKaryawan: string; jenisPekerjaan: string | null; lokasiIsolasi: string | null; nomorGembok: string | null; jamPasang: string | null; }'.
client/src/lib/sidak-loto-pdf-utils.ts(77,16): error TS2339: Property 'noLambung' does not exist on type '{ id: string; createdAt: Date | null; ordinal: number; sessionId: string; keterangan: string | null; perusahaan: string | null; namaKaryawan: string; jenisPekerjaan: string | null; lokasiIsolasi: string | null; nomorGembok: string | null; jamPasang: string | null; }'.
client/src/lib/sidak-loto-pdf-utils.ts(78,16): error TS2339: Property 'tipeUnit' does not exist on type '{ id: string; createdAt: Date | null; ordinal: number; sessionId: string; keterangan: string | null; perusahaan: string | null; namaKaryawan: string; jenisPekerjaan: string | null; lokasiIsolasi: string | null; nomorGembok: string | null; jamPasang: string | null; }'.
client/src/lib/sidak-loto-pdf-utils.ts(79,16): error TS2339: Property 'lockApplied' does not exist on type '{ id: string; createdAt: Date | null; ordinal: number; sessionId: string; keterangan: string | null; perusahaan: string | null; namaKaryawan: string; jenisPekerjaan: string | null; lokasiIsolasi: string | null; nomorGembok: string | null; jamPasang: string | null; }'.
client/src/lib/sidak-loto-pdf-utils.ts(80,16): error TS2339: Property 'tagApplied' does not exist on type '{ id: string; createdAt: Date | null; ordinal: number; sessionId: string; keterangan: string | null; perusahaan: string | null; namaKaryawan: string; jenisPekerjaan: string | null; lokasiIsolasi: string | null; nomorGembok: string | null; jamPasang: string | null; }'.
client/src/lib/sidak-loto-pdf-utils.ts(81,16): error TS2339: Property 'hazardIdentified' does not exist on type '{ id: string; createdAt: Date | null; ordinal: number; sessionId: string; keterangan: string | null; perusahaan: string | null; namaKaryawan: string; jenisPekerjaan: string | null; lokasiIsolasi: string | null; nomorGembok: string | null; jamPasang: string | null; }'.
client/src/lib/sidak-loto-pdf-utils.ts(156,35): error TS2307: Cannot find module 'pdfjs-dist/legacy/build/pdf' or its corresponding type declarations.
client/src/lib/sidak-pdf-utils.ts(386,35): error TS2307: Cannot find module 'pdfjs-dist/legacy/build/pdf' or its corresponding type declarations.
client/src/lib/sidak-pdf-utils.ts(545,42): error TS2339: Property 'tanggalPelaksanaan' does not exist on type '{ id: string; createdAt: Date | null; shift: string; createdBy: string | null; tanggal: string; waktu: string; lokasi: string; departemen: string; totalSampel: number; activityPhotos: string[] | null; perusahaan: string; }'.
client/src/lib/sidak-pdf-utils.ts(546,38): error TS2339: Property 'jamPelaksanaan' does not exist on type '{ id: string; createdAt: Date | null; shift: string; createdBy: string | null; tanggal: string; waktu: string; lokasi: string; departemen: string; totalSampel: number; activityPhotos: string[] | null; perusahaan: string; }'.
client/src/lib/sidak-pdf-utils.ts(775,35): error TS2307: Cannot find module 'pdfjs-dist/legacy/build/pdf' or its corresponding type declarations.
client/src/lib/sidak-pencahayaan-pdf-utils.ts(309,39): error TS2307: Cannot find module 'pdfjs-dist/legacy/build/pdf' or its corresponding type declarations.
client/src/lib/sidak-rambu-pdf-utils.ts(387,39): error TS2307: Cannot find module 'pdfjs-dist/legacy/build/pdf' or its corresponding type declarations.
client/src/lib/sidak-seatbelt-pdf-utils.ts(122,29): error TS2339: Property 'tanggalPelaksanaan' does not exist on type '{ id: string; createdAt: Date | null; shift: string; createdBy: string | null; tanggal: string; waktu: string; lokasi: string; totalSampel: number; activityPhotos: string[] | null; shiftType: string; }'.
client/src/lib/sidak-seatbelt-pdf-utils.ts(128,26): error TS2339: Property 'jamPelaksanaan' does not exist on type '{ id: string; createdAt: Date | null; shift: string; createdBy: string | null; tanggal: string; waktu: string; lokasi: string; totalSampel: number; activityPhotos: string[] | null; shiftType: string; }'.
client/src/lib/sidak-seatbelt-pdf-utils.ts(453,39): error TS2307: Cannot find module 'pdfjs-dist/legacy/build/pdf' or its corresponding type declarations.
client/src/lib/sidak-workshop-pdf-utils.ts(153,35): error TS2307: Cannot find module 'pdfjs-dist/legacy/build/pdf' or its corresponding type declarations.
client/src/pages/dashboard.tsx(177,24): error TS2322: Type '{ children: Element[]; key: string; href: string | undefined; className: string; }' is not assignable to type 'IntrinsicAttributes & LinkProps<BrowserLocationHook>'.
  Type '{ children: Element[]; key: string; href: string | undefined; className: string; }' is not assignable to type '{ href: string; to?: undefined; }'.
    Types of property 'href' are incompatible.
      Type 'string | undefined' is not assignable to type 'string'.
        Type 'undefined' is not assignable to type 'string'.
client/src/pages/dashboard.tsx(179,28): error TS2604: JSX element type 'Icon' does not have any construct or call signatures.
client/src/pages/dashboard.tsx(179,28): error TS2786: 'Icon' cannot be used as a JSX component.
  Its type 'LucideIcon | undefined' is not a valid JSX element type.
    Type 'undefined' is not assignable to type 'ElementType'.
client/src/pages/hse/tna/tna-input.tsx(114,40): error TS2339: Property 'entries' does not exist on type '{}'.
client/src/pages/hse/tna/tna-input.tsx(114,63): error TS2339: Property 'entries' does not exist on type '{}'.
client/src/pages/hse/tna/tna-input.tsx(116,43): error TS2339: Property 'entries' does not exist on type '{}'.
client/src/pages/hse/tna/tna-input.tsx(152,101): error TS2322: Type '"secondary"' is not assignable to type '"default" | "destructive" | null | undefined'.
client/src/pages/sidak-fatigue-form.tsx(335,7): error TS2353: Object literal may only specify known properties, and 'waktu' does not exist in type '{ tanggal: string; shift: string; waktuMulai: string; waktuSelesai: string; lokasi: string; area: string; departemen: string; }'.
server/index.ts(16,10): error TS1345: An expression of type 'void' cannot be tested for truthiness.
server/leaveMonitoringService.ts(102,13): error TS2322: Type 'string' is not assignable to type 'Date'.
server/storage.ts(128,8): error TS2300: Duplicate identifier 'InsertTnaEntry'.
server/storage.ts(129,8): error TS2300: Duplicate identifier 'TnaEntry'.
server/storage.ts(184,8): error TS2300: Duplicate identifier 'TnaEntry'.
server/storage.ts(184,23): error TS2300: Duplicate identifier 'InsertTnaEntry'.
server/storage.ts(1453,5): error TS2322: Type 'unknown' is not assignable to type '{ id: string; status: string; createdAt: Date | null; employeeId: string; updatedAt: Date | null; createdBy: string; period: string; } | undefined'.
server/storage.ts(1453,28): error TS2339: Property 'tnaSummaries' does not exist on type 'MemStorage'.
server/storage.ts(1454,12): error TS18046: 's' is of type 'unknown'.
server/storage.ts(1454,43): error TS18046: 's' is of type 'unknown'.
server/storage.ts(1467,7): error TS2353: Object literal may only specify known properties, and 'department' does not exist in type '{ employeeId: string; createdBy: string; period: string; status?: string | undefined; }'.
server/storage.ts(3171,33): error TS2345: Argument of type '{ trainingName: PgColumn<{ name: "name"; tableName: "trainings"; dataType: "string"; columnType: "PgText"; data: string; driverParam: string; notNull: true; hasDefault: false; isPrimaryKey: false; isAutoincrement: false; ... 4 more ...; generated: undefined; }, {}, {}>; ... 22 more ...; enableRLS: () => Omit<...>; }' is not assignable to parameter of type 'SelectedFields'.
  Property '_' is incompatible with index signature.
    Type '{ readonly brand: "Table"; readonly config: { name: "tna_entries"; schema: undefined; columns: { id: PgColumn<{ name: "id"; tableName: "tna_entries"; dataType: "string"; columnType: "PgVarchar"; data: string; driverParam: string; ... 8 more ...; generated: undefined; }, {}, { ...; }>; ... 13 more ...; updatedAt: PgC...' is not assignable to type 'SQL<unknown> | Aliased<unknown> | PgColumn<ColumnBaseConfig<ColumnDataType, string>, {}, {}> | PgTable<TableConfig> | SelectedFieldsFlat<...>'.
      Type '{ readonly brand: "Table"; readonly config: { name: "tna_entries"; schema: undefined; columns: { id: PgColumn<{ name: "id"; tableName: "tna_entries"; dataType: "string"; columnType: "PgVarchar"; data: string; driverParam: string; ... 8 more ...; generated: undefined; }, {}, { ...; }>; ... 13 more ...; updatedAt: PgC...' is not assignable to type 'SelectedFieldsFlat<PgColumn<ColumnBaseConfig<ColumnDataType, string>, {}, {}>>'.
        Property 'brand' is incompatible with index signature.
          Type 'string' is not assignable to type 'SQL<unknown> | Aliased<unknown> | PgColumn<ColumnBaseConfig<ColumnDataType, string>, {}, {}>'.
server/storage.ts(3182,9): error TS2393: Duplicate function implementation.
server/storage.ts(3187,9): error TS2393: Duplicate function implementation.
server/storage.ts(3229,29): error TS2802: Type 'Set<string | null>' can only be iterated through when using the '--downlevelIteration' flag or with a '--target' of 'es2015' or higher.
server/storage.ts(3317,9): error TS2393: Duplicate function implementation.
server/storage.ts(3322,9): error TS2393: Duplicate function implementation.
server/storage.ts(3336,9): error TS2393: Duplicate function implementation.
server/storage.ts(3579,29): error TS2802: Type 'Set<string | null>' can only be iterated through when using the '--downlevelIteration' flag or with a '--target' of 'es2015' or higher.
server/storage.ts(4302,15): error TS2769: No overload matches this call.
  Overload 1 of 2, '(value: { shift: string | SQL<unknown> | Placeholder<string, any>; createdBy: string | SQL<unknown> | Placeholder<string, any>; tanggal: string | SQL<unknown> | Placeholder<...>; ... 7 more ...; activityPhotos?: string[] | ... 3 more ... | undefined; }): PgInsertBase<...>', gave the following error.
    Argument of type '{ shift: string; tanggal: string; waktu: string; lokasi: string; departemen: string; perusahaan: string; activityPhotos?: string[] | null | undefined; }' is not assignable to parameter of type '{ shift: string | SQL<unknown> | Placeholder<string, any>; createdBy: string | SQL<unknown> | Placeholder<string, any>; tanggal: string | SQL<unknown> | Placeholder<...>; ... 7 more ...; activityPhotos?: string[] | ... 3 more ... | undefined; }'.
      Property 'createdBy' is missing in type '{ shift: string; tanggal: string; waktu: string; lokasi: string; departemen: string; perusahaan: string; activityPhotos?: string[] | null | undefined; }' but required in type '{ shift: string | SQL<unknown> | Placeholder<string, any>; createdBy: string | SQL<unknown> | Placeholder<string, any>; tanggal: string | SQL<unknown> | Placeholder<...>; ... 7 more ...; activityPhotos?: string[] | ... 3 more ... | undefined; }'.
  Overload 2 of 2, '(values: { shift: string | SQL<unknown> | Placeholder<string, any>; createdBy: string | SQL<unknown> | Placeholder<string, any>; tanggal: string | SQL<unknown> | Placeholder<...>; ... 7 more ...; activityPhotos?: string[] | ... 3 more ... | undefined; }[]): PgInsertBase<...>', gave the following error.
    Argument of type '{ shift: string; tanggal: string; waktu: string; lokasi: string; departemen: string; perusahaan: string; activityPhotos?: string[] | null | undefined; }' is not assignable to parameter of type '{ shift: string | SQL<unknown> | Placeholder<string, any>; createdBy: string | SQL<unknown> | Placeholder<string, any>; tanggal: string | SQL<unknown> | Placeholder<...>; ... 7 more ...; activityPhotos?: string[] | ... 3 more ... | undefined; }[]'.
      Type '{ shift: string; tanggal: string; waktu: string; lokasi: string; departemen: string; perusahaan: string; activityPhotos?: string[] | null | undefined; }' is missing the following properties from type '{ shift: string | SQL<unknown> | Placeholder<string, any>; createdBy: string | SQL<unknown> | Placeholder<string, any>; tanggal: string | SQL<unknown> | Placeholder<...>; ... 7 more ...; activityPhotos?: string[] | ... 3 more ... | undefined; }[]': length, pop, push, concat, and 34 more.
server/storage.ts(4397,47): error TS2339: Property 'tanggalPelaksanaan' does not exist on type '{ id: string; createdAt: Date | null; shift: string; createdBy: string; tanggal: string; waktu: string; lokasi: string; departemen: string; totalSampel: number; activityPhotos: string[] | null; perusahaan: string; }'.
server/storage.ts(4398,34): error TS2339: Property 'jamPelaksanaan' does not exist on type '{ id: string; createdAt: Date | null; shift: string; createdBy: string; tanggal: string; waktu: string; lokasi: string; departemen: string; totalSampel: number; activityPhotos: string[] | null; perusahaan: string; }'.
server/storage.ts(4689,34): error TS2339: Property 'jam' does not exist on type '{ id: string; createdAt: Date | null; shift: string; createdBy: string | null; tanggal: string; waktu: string; lokasi: string; totalSampel: number; activityPhotos: string[] | null; persenKepatuhan: number; }'.
server/storage.ts(6020,9): error TS2393: Duplicate function implementation.
server/storage.ts(6309,35): error TS2345: Argument of type '{}' is not assignable to parameter of type 'string'.
